włączenie prawa do uruchomienia skryptów

PS C:\WINDOWS\system32> Set-ExecutionPolicy Bypass

Execution Policy Change
The execution policy helps protect you from scripts that you do not trust. Changing the execution policy might
expose you to the security risks described in the about_Execution_Policies help topic at
https:/go.microsoft.com/fwlink/?LinkID=135170. Do you want to change the execution policy?
[Y] Yes  [A] Yes to All  [N] No  [L] No to All  [S] Suspend  [?] Help (default is "N"): Y
PS C:\WINDOWS\system32>

Gdybyś potrzebował pomocy z dowolnym poleceniem by zobaczyć jaką ma składnię to pomoc używa się tak:
sprawdzenie w cmdlet polecenia Get-ExecutionPolicy

PS C:\WINDOWS\system32> Get-Help Get-ExecutionPolicy

NAME
    Get-ExecutionPolicy

SYNOPSIS
    Gets the execution policies for the current session.


SYNTAX
    Get-ExecutionPolicy [[-Scope] {CurrentUser | LocalMachine | MachinePolicy | Process | UserPolicy}] [-List] [<Com
    monParameters>]


DESCRIPTION
    To display the execution policies for each scope in the order of precedence, use `Get-ExecutionPolicy -List`. To
     see the effective execution policy for your PowerShell session use `Get-ExecutionPolicy` with no parameters.

    The effective execution policy is determined by execution policies that are set by `Set-ExecutionPolicy` and Gro
    up Policy settings.

    For more information, see about_Execution_Policies (../Microsoft.PowerShell.Core/about/about_Execution_Policies.
    md).


RELATED LINKS
    Online Version: https://learn.microsoft.com/powershell/module/microsoft.powershell.security/get-executionpolicy?
    view=powershell-5.1&WT.mc_id=ps-gethelp
    about_Execution_Policies
    about_Group_Policy_Settings
    Get-AuthenticodeSignature
    Set-AuthenticodeSignature
    Set-ExecutionPolicy

REMARKS
    To see the examples, type: "get-help Get-ExecutionPolicy -examples".
    For more information, type: "get-help Get-ExecutionPolicy -detailed".
    For technical information, type: "get-help Get-ExecutionPolicy -full".
    For online help, type: "get-help Get-ExecutionPolicy -online"


PS C:\WINDOWS\system32>



A żeby zobaczyć przykłady użycia:

Get-Help Get-ExecutionPolicy -Examples

wtedy wyświetlają się przykłady użycia polecenia



poniższa linia zwróci Tobie wszystkie dostepne w danej chwili moduły.

PS C:\WINDOWS\system32> Get-Module -ListAvailable


    Directory: C:\Program Files\WindowsPowerShell\Modules


ModuleType Version    Name                                ExportedCommands
---------- -------    ----                                ----------------
Script     1.0.1      Microsoft.PowerShell.Operation.V... {Get-OperationValidation, Invoke-OperationValidation}
Binary     1.0.0.1    PackageManagement                   {Find-Package, Get-Package, Get-PackageProvider, Get-Pa...
Script     3.4.0      Pester                              {Describe, Context, It, Should...}
Script     1.0.0.1    PowerShellGet                       {Install-Module, Find-Module, Save-Module, Update-Modul...
Script     2.0.0      PSReadline                          {Get-PSReadLineKeyHandler, Set-PSReadLineKeyHandler, Re...


    Directory: C:\WINDOWS\system32\WindowsPowerShell\v1.0\Modules


ModuleType Version    Name                                ExportedCommands
---------- -------    ----                                ----------------
Manifest   1.0.0.0    AppBackgroundTask                   {Disable-AppBackgroundTaskDiagnosticLog, Enable-AppBack...
Manifest   2.0.0.0    AppLocker                           {Get-AppLockerFileInformation, Get-AppLockerPolicy, New...
Manifest   1.0.0.0    AppvClient                          {Add-AppvClientConnectionGroup, Add-AppvClientPackage, ...
Manifest   2.0.1.0    Appx                                {Add-AppxPackage, Get-AppxPackage, Get-AppxPackageManif...
Script     1.0.0.0    AssignedAccess                      {Clear-AssignedAccess, Get-AssignedAccess, Set-Assigned...
Manifest   1.0.0.0    BitLocker                           {Unlock-BitLocker, Suspend-BitLocker, Resume-BitLocker,...
Manifest   2.0.0.0    BitsTransfer                        {Add-BitsFile, Complete-BitsTransfer, Get-BitsTransfer,...
Manifest   1.0.0.0    BranchCache                         {Add-BCDataCacheExtension, Clear-BCCache, Disable-BC, D...
Manifest   1.0.0.0    CimCmdlets                          {Get-CimAssociatedInstance, Get-CimClass, Get-CimInstan...
Manifest   1.0        ConfigCI                            {Get-SystemDriver, New-CIPolicyRule, New-CIPolicy, Get-...
Manifest   1.0        ConfigDefender                      {Get-MpPreference, Set-MpPreference, Add-MpPreference, ...
Manifest   1.0        ConfigDefenderPerformance           {New-MpPerformanceRecording, Get-MpPerformanceReport}
Manifest   1.0        Defender                            {Get-MpPreference, Set-MpPreference, Add-MpPreference, ...
Manifest   1.0.2.0    DeliveryOptimization                {Delete-DeliveryOptimizationCache, Set-DeliveryOptimiza...
Manifest   1.0.0.0    DirectAccessClientComponents        {Disable-DAManualEntryPointSelection, Enable-DAManualEn...
Script     3.0        Dism                                {Add-AppxProvisionedPackage, Add-WindowsDriver, Add-Win...
Manifest   1.0.0.0    DnsClient                           {Resolve-DnsName, Clear-DnsClientCache, Get-DnsClient, ...
Manifest   1.0.0.0    EventTracingManagement              {Start-EtwTraceSession, New-EtwTraceSession, Get-EtwTra...
Manifest   2.0.0.0    International                       {Get-WinDefaultInputMethodOverride, Set-WinDefaultInput...
Manifest   1.0.0.0    iSCSI                               {Get-IscsiTargetPortal, New-IscsiTargetPortal, Remove-I...
Script     1.0.0.0    ISE                                 {New-IseSnippet, Import-IseSnippet, Get-IseSnippet}
Manifest   1.0.0.0    Kds                                 {Add-KdsRootKey, Get-KdsRootKey, Test-KdsRootKey, Set-K...
Manifest   1.0        LanguagePackManagement              {Install-Language, Uninstall-Language, Get-InstalledLan...
Manifest   1.0.1.0    Microsoft.PowerShell.Archive        {Compress-Archive, Expand-Archive}
Manifest   3.0.0.0    Microsoft.PowerShell.Diagnostics    {Get-WinEvent, Get-Counter, Import-Counter, Export-Coun...
Manifest   3.0.0.0    Microsoft.PowerShell.Host           {Start-Transcript, Stop-Transcript}
Manifest   1.0.0.0    Microsoft.PowerShell.LocalAccounts  {Add-LocalGroupMember, Disable-LocalUser, Enable-LocalU...
Manifest   3.1.0.0    Microsoft.PowerShell.Management     {Add-Content, Clear-Content, Clear-ItemProperty, Join-P...
Script     1.0        Microsoft.PowerShell.ODataUtils     Export-ODataEndpointProxy
Manifest   3.0.0.0    Microsoft.PowerShell.Security       {Get-Acl, Set-Acl, Get-PfxCertificate, Get-Credential...}
Manifest   3.1.0.0    Microsoft.PowerShell.Utility        {Format-List, Format-Custom, Format-Table, Format-Wide...}
Manifest   3.0.0.0    Microsoft.WSMan.Management          {Disable-WSManCredSSP, Enable-WSManCredSSP, Get-WSManCr...
Manifest   1.0        MMAgent                             {Disable-MMAgent, Enable-MMAgent, Set-MMAgent, Get-MMAg...
Manifest   1.0.0.0    MsDtc                               {New-DtcDiagnosticTransaction, Complete-DtcDiagnosticTr...
Manifest   2.0.0.0    NetAdapter                          {Disable-NetAdapter, Disable-NetAdapterBinding, Disable...
Manifest   2.0.0.0    NetConnection                       {Get-NetConnectionProfile, Set-NetConnectionProfile}
Manifest   1.0.0.0    NetEventPacketCapture               {New-NetEventSession, Remove-NetEventSession, Get-NetEv...
Manifest   2.0.0.0    NetLbfo                             {Add-NetLbfoTeamMember, Add-NetLbfoTeamNic, Get-NetLbfo...
Manifest   1.0.0.0    NetNat                              {Get-NetNat, Get-NetNatExternalAddress, Get-NetNatStati...
Manifest   2.0.0.0    NetQos                              {Get-NetQosPolicy, Set-NetQosPolicy, Remove-NetQosPolic...
Manifest   2.0.0.0    NetSecurity                         {Get-DAPolicyChange, New-NetIPsecAuthProposal, New-NetI...
Manifest   1.0.0.0    NetSwitchTeam                       {New-NetSwitchTeam, Remove-NetSwitchTeam, Get-NetSwitch...
Manifest   1.0.0.0    NetTCPIP                            {Get-NetIPAddress, Get-NetIPInterface, Get-NetIPv4Proto...
Manifest   1.0.0.0    NetworkConnectivityStatus           {Get-DAConnectionStatus, Get-NCSIPolicyConfiguration, R...
Manifest   1.0.0.0    NetworkSwitchManager                {Disable-NetworkSwitchEthernetPort, Enable-NetworkSwitc...
Manifest   1.0.0.0    NetworkTransition                   {Add-NetIPHttpsCertBinding, Disable-NetDnsTransitionCon...
Manifest   1.0.0.0    PcsvDevice                          {Get-PcsvDevice, Start-PcsvDevice, Stop-PcsvDevice, Res...
Binary     1.0.0.0    PersistentMemory                    {Get-PmemDisk, Get-PmemPhysicalDevice, Get-PmemUnusedRe...
Manifest   1.0.0.0    PKI                                 {Add-CertificateEnrollmentPolicyServer, Export-Certific...
Manifest   1.0.0.0    PnpDevice                           {Get-PnpDevice, Get-PnpDeviceProperty, Enable-PnpDevice...
Manifest   1.1        PrintManagement                     {Add-Printer, Add-PrinterDriver, Add-PrinterPort, Get-P...
Binary     1.0.12     ProcessMitigations                  {Get-ProcessMitigation, Set-ProcessMitigation, ConvertT...
Script     3.0        Provisioning                        {Install-ProvisioningPackage, Export-ProvisioningPackag...
Manifest   1.1        PSDesiredStateConfiguration         {Set-DscLocalConfigurationManager, Start-DscConfigurati...
Script     1.0.0.0    PSDiagnostics                       {Disable-PSTrace, Disable-PSWSManCombinedTrace, Disable...
Binary     1.1.0.0    PSScheduledJob                      {New-JobTrigger, Add-JobTrigger, Remove-JobTrigger, Get...
Manifest   2.0.0.0    PSWorkflow                          {New-PSWorkflowExecutionOption, New-PSWorkflowSession, ...
Manifest   1.0.0.0    PSWorkflowUtility                   Invoke-AsWorkflow
Manifest   1.0.0.0    ScheduledTasks                      {Get-ScheduledTask, Set-ScheduledTask, Register-Schedul...
Manifest   2.0.0.0    SecureBoot                          {Confirm-SecureBootUEFI, Set-SecureBootUEFI, Get-Secure...
Manifest   2.0.0.0    SmbShare                            {Get-SmbShare, Remove-SmbShare, Set-SmbShare, Block-Smb...
Manifest   2.0.0.0    SmbWitness                          {Get-SmbWitnessClient, Move-SmbWitnessClient, gsmbw, ms...
Manifest   1.0.0.2    StartLayout                         {Export-StartLayout, Import-StartLayout, Export-StartLa...
Manifest   2.0.0.0    Storage                             {Add-InitiatorIdToMaskingSet, Add-PartitionAccessPath, ...
Manifest   1.0.0.0    StorageBusCache                     {Clear-StorageBusDisk, Disable-StorageBusCache, Disable...
Manifest   2.0.0.0    TLS                                 {New-TlsSessionTicketKey, Enable-TlsSessionTicketKey, D...
Manifest   1.0.0.0    TroubleshootingPack                 {Get-TroubleshootingPack, Invoke-TroubleshootingPack}
Manifest   2.0.0.0    TrustedPlatformModule               {Get-Tpm, Initialize-Tpm, Clear-Tpm, Unblock-Tpm...}
Binary     2.1.639.0  UEV                                 {Clear-UevConfiguration, Clear-UevAppxPackage, Restore-...
Manifest   2.0.0.0    VpnClient                           {Add-VpnConnection, Set-VpnConnection, Remove-VpnConnec...
Manifest   1.0.0.0    Wdac                                {Get-OdbcDriver, Set-OdbcDriver, Get-OdbcDsn, Add-OdbcD...
Manifest   2.0.0.0    Whea                                {Get-WheaMemoryPolicy, Set-WheaMemoryPolicy}
Manifest   1.0.0.0    WindowsDeveloperLicense             {Get-WindowsDeveloperLicense, Unregister-WindowsDevelop...
Script     1.0        WindowsErrorReporting               {Enable-WindowsErrorReporting, Disable-WindowsErrorRepo...
Manifest   1.0.0.0    WindowsSearch                       {Get-WindowsSearchSetting, Set-WindowsSearchSetting}
Manifest   1.0.0.0    WindowsUpdate                       Get-WindowsUpdateLog


PS C:\WINDOWS\system32>




# Poniższa linia zwróci tylko te moduły, których wersja jest >= 2.0.0.0

PS C:\WINDOWS\system32> Get-Module -ListAvailable | ? {$_.Version -ge "2.0.0.0"}


    Directory: C:\Program Files\WindowsPowerShell\Modules


ModuleType Version    Name                                ExportedCommands
---------- -------    ----                                ----------------
Script     3.4.0      Pester                              {Describe, Context, It, Should...}


    Directory: C:\WINDOWS\system32\WindowsPowerShell\v1.0\Modules


ModuleType Version    Name                                ExportedCommands
---------- -------    ----                                ----------------
Manifest   2.0.0.0    AppLocker                           {Get-AppLockerFileInformation, Get-AppLockerPolicy, New...
Manifest   2.0.1.0    Appx                                {Add-AppxPackage, Get-AppxPackage, Get-AppxPackageManif...
Manifest   2.0.0.0    BitsTransfer                        {Add-BitsFile, Complete-BitsTransfer, Get-BitsTransfer,...
Script     3.0        Dism                                {Add-AppxProvisionedPackage, Add-WindowsDriver, Add-Win...
Manifest   2.0.0.0    International                       {Get-WinDefaultInputMethodOverride, Set-WinDefaultInput...
Manifest   3.0.0.0    Microsoft.PowerShell.Diagnostics    {Get-WinEvent, Get-Counter, Import-Counter, Export-Coun...
Manifest   3.0.0.0    Microsoft.PowerShell.Host           {Start-Transcript, Stop-Transcript}
Manifest   3.1.0.0    Microsoft.PowerShell.Management     {Add-Content, Clear-Content, Clear-ItemProperty, Join-P...
Manifest   3.0.0.0    Microsoft.PowerShell.Security       {Get-Acl, Set-Acl, Get-PfxCertificate, Get-Credential...}
Manifest   3.1.0.0    Microsoft.PowerShell.Utility        {Format-List, Format-Custom, Format-Table, Format-Wide...}
Manifest   3.0.0.0    Microsoft.WSMan.Management          {Disable-WSManCredSSP, Enable-WSManCredSSP, Get-WSManCr...
Manifest   2.0.0.0    NetAdapter                          {Disable-NetAdapter, Disable-NetAdapterBinding, Disable...
Manifest   2.0.0.0    NetConnection                       {Get-NetConnectionProfile, Set-NetConnectionProfile}
Manifest   2.0.0.0    NetLbfo                             {Add-NetLbfoTeamMember, Add-NetLbfoTeamNic, Get-NetLbfo...
Manifest   2.0.0.0    NetQos                              {Get-NetQosPolicy, Set-NetQosPolicy, Remove-NetQosPolic...
Manifest   2.0.0.0    NetSecurity                         {Get-DAPolicyChange, New-NetIPsecAuthProposal, New-NetI...
Script     3.0        Provisioning                        {Install-ProvisioningPackage, Export-ProvisioningPackag...
Manifest   2.0.0.0    PSWorkflow                          {New-PSWorkflowExecutionOption, New-PSWorkflowSession, ...
Manifest   2.0.0.0    SecureBoot                          {Confirm-SecureBootUEFI, Set-SecureBootUEFI, Get-Secure...
Manifest   2.0.0.0    SmbShare                            {Get-SmbShare, Remove-SmbShare, Set-SmbShare, Block-Smb...
Manifest   2.0.0.0    SmbWitness                          {Get-SmbWitnessClient, Move-SmbWitnessClient, gsmbw, ms...
Manifest   2.0.0.0    Storage                             {Add-InitiatorIdToMaskingSet, Add-PartitionAccessPath, ...
Manifest   2.0.0.0    TLS                                 {New-TlsSessionTicketKey, Enable-TlsSessionTicketKey, D...
Manifest   2.0.0.0    TrustedPlatformModule               {Get-Tpm, Initialize-Tpm, Clear-Tpm, Unblock-Tpm...}
Binary     2.1.639.0  UEV                                 {Clear-UevConfiguration, Clear-UevAppxPackage, Restore-...
Manifest   2.0.0.0    VpnClient                           {Add-VpnConnection, Set-VpnConnection, Remove-VpnConnec...
Manifest   2.0.0.0    Whea                                {Get-WheaMemoryPolicy, Set-WheaMemoryPolicy}


PS C:\WINDOWS\system32>


# Poniższa linia wyświetli wszystkie polecenia (cmdlet - "Komandlety") w dostępnych modułach, których wersja >= 2.0.0.0

PS C:\WINDOWS\system32> Get-Module -ListAvailable | ? {$_.Version -ge "2.0.0.0"} | % {Get-Command -Module $_.Name}

CommandType     Name                                               Version    Source
-----------     ----                                               -------    ------
Function        AfterAll                                           3.4.0      Pester
Function        AfterEach                                          3.4.0      Pester
Function        Assert-MockCalled                                  3.4.0      Pester
Function        Assert-VerifiableMocks                             3.4.0      Pester
Function        BeforeAll                                          3.4.0      Pester
Function        BeforeEach                                         3.4.0      Pester
Function        Context                                            3.4.0      Pester
Function        Describe                                           3.4.0      Pester
Function        Get-MockDynamicParameters                          3.4.0      Pester
Function        Get-TestDriveItem                                  3.4.0      Pester
Function        In                                                 3.4.0      Pester
Function        InModuleScope                                      3.4.0      Pester
Function        Invoke-Mock                                        3.4.0      Pester
Function        Invoke-Pester                                      3.4.0      Pester
Function        It                                                 3.4.0      Pester
Function        Mock                                               3.4.0      Pester
Function        New-Fixture                                        3.4.0      Pester
Function        New-PesterOption                                   3.4.0      Pester
Function        SafeGetCommand                                     3.4.0      Pester
Function        Set-DynamicParameterVariables                      3.4.0      Pester
Function        Set-TestInconclusive                               3.4.0      Pester
Function        Setup                                              3.4.0      Pester
Function        Should                                             3.4.0      Pester
Cmdlet          Get-AppLockerFileInformation                       2.0.0.0    AppLocker
Cmdlet          Get-AppLockerPolicy                                2.0.0.0    AppLocker
Cmdlet          New-AppLockerPolicy                                2.0.0.0    AppLocker
Cmdlet          Set-AppLockerPolicy                                2.0.0.0    AppLocker
Cmdlet          Test-AppLockerPolicy                               2.0.0.0    AppLocker
Alias           Add-AppPackage                                     2.0.1.0    Appx
Alias           Add-AppPackageVolume                               2.0.1.0    Appx
Alias           Dismount-AppPackageVolume                          2.0.1.0    Appx
Alias           Get-AppPackage                                     2.0.1.0    Appx
Alias           Get-AppPackageLastError                            2.0.1.0    Appx
Alias           Get-AppPackageLog                                  2.0.1.0    Appx
Alias           Get-AppPackageManifest                             2.0.1.0    Appx
...




# Teraz byśmy chcieli jeszcze wyświetlić wszystkie te, które mają w nazwie "Add-" lub "Get-"

PS C:\WINDOWS\system32> Get-Module -ListAvailable | ? {$_.Version -ge "2.0.0.0"} | % {Get-Command -Module $_.Name} | ? {($_.Name -like "Add-*") -or ($_.Name -like "Get-*")}

CommandType     Name                                               Version    Source
-----------     ----                                               -------    ------
Function        Get-MockDynamicParameters                          3.4.0      Pester
Function        Get-TestDriveItem                                  3.4.0      Pester
Cmdlet          Get-AppLockerFileInformation                       2.0.0.0    AppLocker
Cmdlet          Get-AppLockerPolicy                                2.0.0.0    AppLocker
Alias           Add-AppPackage                                     2.0.1.0    Appx
Alias           Add-AppPackageVolume                               2.0.1.0    Appx
Alias           Get-AppPackage                                     2.0.1.0    Appx
Alias           Get-AppPackageLastError                            2.0.1.0    Appx
Alias           Get-AppPackageLog                                  2.0.1.0    Appx
Alias           Get-AppPackageManifest                             2.0.1.0    Appx
Alias           Get-AppPackageVolume                               2.0.1.0    Appx
Function        Get-AppxLastError                                  2.0.1.0    Appx
Function        Get-AppxLog                                        2.0.1.0    Appx
Cmdlet          Add-AppxPackage                                    2.0.1.0    Appx
Cmdlet          Add-AppxVolume                                     2.0.1.0    Appx
Cmdlet          Get-AppxDefaultVolume                              2.0.1.0    Appx
Cmdlet          Get-AppxPackage                                    2.0.1.0    Appx
Cmdlet          Get-AppxPackageManifest                            2.0.1.0    Appx
Cmdlet          Get-AppxVolume                                     2.0.1.0    Appx
Cmdlet          Add-BitsFile                                       2.0.0.0    BitsTransfer
Cmdlet          Get-BitsTransfer                                   2.0.0.0    BitsTransfer
Alias           Add-AppProvisionedPackage                          3.0        Dism
Alias           Add-ProvisionedAppPackage                          3.0        Dism
Alias           Add-ProvisionedAppxPackage                         3.0        Dism
Alias           Get-AppProvisionedPackage                          3.0        Dism
Alias           Get-ProvisionedAppPackage
...


# A teraz byśmy chcieli je wypisać w postaci tabelki graficznej otworzonej w nowym okienku

PS C:\WINDOWS\system32> Get-Module -ListAvailable | ? {$_.Version -ge "2.0.0.0"} | % {Get-Command -Module $_.Name} | ? {($_.Name -like "Add-*") -or ($_.Name -like "Get-*")} | Out-GridView

wyświetla się okno z listą poleceń




# albo do pliku

PS C:\WINDOWS\system32> $nazwaPliku = "mojaNazwaPliku.txt"
PS C:\WINDOWS\system32> Get-Module -ListAvailable | ? {$_.Version -ge "2.0.0.0"} | % {Get-Command -Module $_.Name} | ? {($_.Name -like "Add-*") -or ($_.Name -like "Get-*")} | Out-File $env:TEMP\$nazwaPliku
PS C:\WINDOWS\system32>

polecenia zostana wpisane do pliku mojaNazwaPliku.txt




# albo nic z tym nie robić tylko by się przetworzyło ale nie wypisywało

Get-Module -ListAvailable | ? {$_.Version -ge "2.0.0.0"} | % {Get-Command -Module $_.Name} | ? {($_.Name -like "Add-*") -or ($_.Name -like "Get-*")} | Out-Null

nic nie wypisuje się w powershellu



# Dobrze, to listy już mamy opanowane. To teraz w końcu byśmy chcieli załadować jakiś moduł np. BitsTransfer (do zarządzania przesyłaniem danych w tle)

PS C:\WINDOWS\system32> Import-Module BitsTransfer